TOKEN(+)
TOKEN(-)
TOKEN(/)
TOKEN(*)
TOKEN(//)
TOKEN(<=)
TOKEN(<)
TOKEN(>)
TOKEN(>=)
TOKEN(EOL)
TOKEN(EOF)
