TOKEN(IDENTIFIKATOR)
TOKEN(=)
TOKEN(INTEGER, 1.200000)
TOKEN(IDENTIFIKATOR)
TOKEN(=)
TOKEN(DOUBLE, 21.300000)
TOKEN(IDENTIFIKATOR)
TOKEN(=)
TOKEN(STRING, betka je stetka)
TOKEN(EOL)
TOKEN(EOF)
