TOKEN(KLICOVE_SLOVO)
TOKEN(IDENTIFIKATOR)
TOKEN(()
TOKEN())
TOKEN(:)
TOKEN(EOL)
TOKEN(INDENT)
TOKEN(IDENTIFIKATOR)
TOKEN(=)
TOKEN(INTEGER, 1)
TOKEN(EOL)
TOKEN(KLICOVE_SLOVO)
TOKEN(IDENTIFIKATOR)
TOKEN(EOL)
TOKEN(DEDENT)
TOKEN(KLICOVE_SLOVO)
TOKEN(IDENTIFIKATOR)
TOKEN(()
TOKEN())
TOKEN(:)
TOKEN(EOL)
TOKEN(EOL)
TOKEN(INDENT)
TOKEN(IDENTIFIKATOR)
TOKEN(,)
TOKEN(IDENTIFIKATOR)
TOKEN(,)
TOKEN(IDENTIFIKATOR)
TOKEN(=)
TOKEN(STRING, foo)
TOKEN(,)
TOKEN(INTEGER, 14)
TOKEN(,)
TOKEN(DOUBLE, 21.100000)
TOKEN(EOL)
TOKEN(IDENTIFIKATOR)
TOKEN(()
TOKEN(IDENTIFIKATOR)
TOKEN(,)
TOKEN(IDENTIFIKATOR)
TOKEN(,)
TOKEN(IDENTIFIKATOR)
TOKEN())
TOKEN(EOL)
TOKEN(EOL)
TOKEN(EOL)
TOKEN(KLICOVE_SLOVO)
TOKEN(IDENTIFIKATOR)
TOKEN(:)
TOKEN(EOL)
TOKEN(INDENT)
TOKEN(IDENTIFIKATOR)
TOKEN(()
TOKEN(STRING, 1)
TOKEN())
TOKEN(EOL)
TOKEN(EOL)
TOKEN(EOL)
TOKEN(EOL)
TOKEN(EOL)
TOKEN(DEDENT)
TOKEN(IDENTIFIKATOR)
TOKEN(=)
TOKEN(IDENTIFIKATOR)
TOKEN(()
TOKEN())
TOKEN(EOL)
TOKEN(EOL)
TOKEN(DEDENT)
TOKEN(KLICOVE_SLOVO)
TOKEN(IDENTIFIKATOR)
TOKEN(==)
TOKEN(STRING, __main__)
TOKEN(:)
TOKEN(EOL)
TOKEN(EOL)
TOKEN(INDENT)
TOKEN(IDENTIFIKATOR)
TOKEN(()
TOKEN())
TOKEN(EOL)
TOKEN(DEDENT)
TOKEN(EOF)
