TOKEN(EOL)
TOKEN(EOL)
TOKEN(KLICOVE_SLOVO)
TOKEN(IDENTIFIKATOR)
TOKEN(()
TOKEN())
TOKEN(:)
TOKEN(EOL)
TOKEN(INDENT)
TOKEN(IDENTIFIKATOR)
TOKEN(=)
TOKEN(INTEGER, 1)
TOKEN(EOL)
TOKEN(IDENTIFIKATOR)
TOKEN(()
TOKEN(IDENTIFIKATOR)
TOKEN())
TOKEN(EOL)
TOKEN(EOL)
TOKEN(DEDENT)
TOKEN(KLICOVE_SLOVO)
TOKEN(IDENTIFIKATOR)
TOKEN(()
TOKEN())
TOKEN(:)
TOKEN(EOL)
TOKEN(INDENT)
TOKEN(IDENTIFIKATOR)
TOKEN(=)
TOKEN(INTEGER, 1)
TOKEN(+)
TOKEN(INTEGER, 2)
TOKEN(+)
TOKEN(IDENTIFIKATOR)
TOKEN(EOL)
TOKEN(IDENTIFIKATOR)
TOKEN(()
TOKEN(IDENTIFIKATOR)
TOKEN())
TOKEN(EOL)
TOKEN(EOL)
TOKEN(DEDENT)
TOKEN(KLICOVE_SLOVO)
TOKEN(IDENTIFIKATOR)
TOKEN(()
TOKEN(IDENTIFIKATOR)
TOKEN(,)
TOKEN(IDENTIFIKATOR)
TOKEN(,)
TOKEN(IDENTIFIKATOR)
TOKEN())
TOKEN(:)
TOKEN(EOL)
TOKEN(INDENT)
TOKEN(IDENTIFIKATOR)
TOKEN(=)
TOKEN(INTEGER, 1)
TOKEN(+)
TOKEN(IDENTIFIKATOR)
TOKEN(+)
TOKEN(IDENTIFIKATOR)
TOKEN(EOL)
TOKEN(IDENTIFIKATOR)
TOKEN(()
TOKEN(IDENTIFIKATOR)
TOKEN())
TOKEN(EOL)
TOKEN(EOL)
TOKEN(DEDENT)
TOKEN(IDENTIFIKATOR)
TOKEN(=)
TOKEN(INTEGER, 1)
TOKEN(+)
TOKEN(INTEGER, 2)
TOKEN(EOL)
TOKEN(IDENTIFIKATOR)
TOKEN(()
TOKEN())
TOKEN(EOL)
TOKEN(IDENTIFIKATOR)
TOKEN(()
TOKEN())
TOKEN(EOL)
TOKEN(IDENTIFIKATOR)
TOKEN(()
TOKEN(INTEGER, 1)
TOKEN())
TOKEN(EOL)
TOKEN(IDENTIFIKATOR)
TOKEN(()
TOKEN(IDENTIFIKATOR)
TOKEN())
TOKEN(EOL)
TOKEN(IDENTIFIKATOR)
TOKEN(()
TOKEN(IDENTIFIKATOR)
TOKEN())
TOKEN(EOL)
TOKEN(EOF)
