TOKEN(EOL)
TOKEN(KLICOVE_SLOVO)
TOKEN(IDENTIFIKATOR)
TOKEN(()
TOKEN(IDENTIFIKATOR)
TOKEN(,)
TOKEN(IDENTIFIKATOR)
TOKEN())
TOKEN(:)
TOKEN(EOL)
TOKEN(EOL)
TOKEN(INDENT)
TOKEN(IDENTIFIKATOR)
TOKEN(=)
TOKEN(STRING, )
TOKEN(EOL)
TOKEN(IDENTIFIKATOR)
TOKEN(=)
TOKEN(INTEGER, 0)
TOKEN(EOL)
TOKEN(IDENTIFIKATOR)
TOKEN(=)
TOKEN(IDENTIFIKATOR)
TOKEN(()
TOKEN(IDENTIFIKATOR)
TOKEN())
TOKEN(EOL)
TOKEN(KLICOVE_SLOVO)
TOKEN(IDENTIFIKATOR)
TOKEN(<)
TOKEN(IDENTIFIKATOR)
TOKEN(:)
TOKEN(EOL)
TOKEN(INDENT)
TOKEN(KLICOVE_SLOVO)
TOKEN(IDENTIFIKATOR)
TOKEN(<)
TOKEN(INTEGER, 0)
TOKEN(:)
TOKEN(EOL)
TOKEN(INDENT)
TOKEN(IDENTIFIKATOR)
TOKEN(=)
TOKEN(INTEGER, 0)
TOKEN(EOL)
TOKEN(DEDENT)
TOKEN(KLICOVE_SLOVO)
TOKEN(:)
TOKEN(EOL)
TOKEN(INDENT)
TOKEN(KLICOVE_SLOVO)
TOKEN(EOL)
TOKEN(DEDENT)
TOKEN(DEDENT)
TOKEN(KLICOVE_SLOVO)
TOKEN(:)
TOKEN(EOL)
TOKEN(INDENT)
TOKEN(IDENTIFIKATOR)
TOKEN(=)
TOKEN(IDENTIFIKATOR)
TOKEN(EOL)
TOKEN(DEDENT)
TOKEN(KLICOVE_SLOVO)
TOKEN(IDENTIFIKATOR)
TOKEN(<)
TOKEN(IDENTIFIKATOR)
TOKEN(:)
TOKEN(EOL)
TOKEN(INDENT)
TOKEN(IDENTIFIKATOR)
TOKEN(=)
TOKEN(IDENTIFIKATOR)
TOKEN(()
TOKEN(IDENTIFIKATOR)
TOKEN(,)
TOKEN(IDENTIFIKATOR)
TOKEN(,)
TOKEN(INTEGER, 1)
TOKEN())
TOKEN(EOL)
TOKEN(IDENTIFIKATOR)
TOKEN(=)
TOKEN(IDENTIFIKATOR)
TOKEN(+)
TOKEN(IDENTIFIKATOR)
TOKEN(EOL)
TOKEN(IDENTIFIKATOR)
TOKEN(=)
TOKEN(IDENTIFIKATOR)
TOKEN(+)
TOKEN(INTEGER, 1)
TOKEN(EOL)
TOKEN(DEDENT)
TOKEN(IDENTIFIKATOR)
TOKEN(()
TOKEN(IDENTIFIKATOR)
TOKEN())
TOKEN(EOL)
TOKEN(EOL)
TOKEN(EOL)
TOKEN(DEDENT)
TOKEN(IDENTIFIKATOR)
TOKEN(()
TOKEN(IDENTIFIKATOR)
TOKEN(,)
TOKEN(INTEGER, 100)
TOKEN())
TOKEN(EOL)
TOKEN(EOF)
