TOKEN(EOL)
TOKEN(KLICOVE_SLOVO)
TOKEN(INTEGER, 1)
TOKEN(==)
TOKEN(INTEGER, 1)
TOKEN(:)
TOKEN(EOL)
TOKEN(IDENTIFIKATOR)
TOKEN(()
TOKEN(STRING, spatne)
TOKEN())
TOKEN(EOL)
TOKEN(KLICOVE_SLOVO)
TOKEN(:)
TOKEN(EOL)
TOKEN(INDENT)
TOKEN(IDENTIFIKATOR)
TOKEN(()
TOKEN(STRING, sem to nedojde)
TOKEN())
TOKEN(DEDENT)
TOKEN(EOF)
