TOKEN(EOL)
TOKEN(IDENTIFIKATOR)
TOKEN(()
TOKEN(STRING, ahoj)
TOKEN())
TOKEN(EOL)
TOKEN(INDENT)
TOKEN(IDENTIFIKATOR)
TOKEN(()
TOKEN(STRING, svete)
TOKEN())
TOKEN(DEDENT)
TOKEN(EOF)
