TOKEN(EOL)
TOKEN(EOL)
TOKEN(IDENTIFIKATOR)
TOKEN(=)
TOKEN(INTEGER, 10)
TOKEN(EOL)
TOKEN(EOL)
TOKEN(KLICOVE_SLOVO)
TOKEN(IDENTIFIKATOR)
TOKEN(()
TOKEN())
TOKEN(:)
TOKEN(EOL)
TOKEN(INDENT)
TOKEN(IDENTIFIKATOR)
TOKEN(()
TOKEN(IDENTIFIKATOR)
TOKEN())
TOKEN(EOL)
TOKEN(EOL)
TOKEN(DEDENT)
TOKEN(KLICOVE_SLOVO)
TOKEN(IDENTIFIKATOR)
TOKEN(()
TOKEN())
TOKEN(:)
TOKEN(EOL)
TOKEN(INDENT)
TOKEN(IDENTIFIKATOR)
TOKEN(()
TOKEN(IDENTIFIKATOR)
TOKEN())
TOKEN(EOL)
TOKEN(IDENTIFIKATOR)
TOKEN(=)
TOKEN(INTEGER, 3)
TOKEN(EOL)
TOKEN(KLICOVE_SLOVO)
TOKEN(IDENTIFIKATOR)
TOKEN(EOL)
TOKEN(EOL)
TOKEN(DEDENT)
TOKEN(IDENTIFIKATOR)
TOKEN(()
TOKEN(IDENTIFIKATOR)
TOKEN())
TOKEN(EOL)
TOKEN(IDENTIFIKATOR)
TOKEN(()
TOKEN())
TOKEN(EOL)
TOKEN(IDENTIFIKATOR)
TOKEN(()
TOKEN())
TOKEN(EOL)
TOKEN(EOF)
