1 -  chyba v programu v ramci lexikalni analyzy.

TOKEN(EOL)
TOKEN(KLICOVE_SLOVO)
TOKEN(KLICOVE_SLOVO)
TOKEN(==)
TOKEN(KLICOVE_SLOVO)
TOKEN(:)
TOKEN(EOL)
TOKEN(INDENT)
TOKEN(KLICOVE_SLOVO)
TOKEN(EOL)
TOKEN(DEDENT)
TOKEN(KLICOVE_SLOVO)
TOKEN(:)
TOKEN(EOL)
TOKEN(INDENT)
TOKEN(KLICOVE_SLOVO)
TOKEN(EOL)
TOKEN(EOL)
TOKEN(EOL)
TOKEN(EOL)
TOKEN(DEDENT)
TOKEN(KLICOVE_SLOVO)
TOKEN(IDENTIFIKATOR)
TOKEN(()
TOKEN())
TOKEN(:)
TOKEN(EOL)
TOKEN(INDENT)
TOKEN(IDENTIFIKATOR)
TOKEN(()
TOKEN(STRING, test)
TOKEN())
TOKEN(EOL)
TOKEN(KLICOVE_SLOVO)
TOKEN(INTEGER, 1)
TOKEN(==)
TOKEN(INTEGER, 1)
TOKEN(:)
TOKEN(EOL)
TOKEN(INDENT)
TOKEN(KLICOVE_SLOVO)
TOKEN(EOL)
TOKEN(DEDENT)
TOKEN(KLICOVE_SLOVO)
TOKEN(:)
TOKEN(EOL)
TOKEN(INDENT)
TOKEN(KLICOVE_SLOVO)
TOKEN(EOL)
TOKEN(DEDENT)
TOKEN(DEDENT)
