TOKEN(IDENTIFIKATOR)
TOKEN(=)
TOKEN(STRING, \A\z\z'\'\z""'\z'\\\zz\m\m)
TOKEN(EOL)
TOKEN(IDENTIFIKATOR)
TOKEN(=)
TOKEN(STRING, \Z)
TOKEN(EOL)
TOKEN(IDENTIFIKATOR)
TOKEN(()
TOKEN(IDENTIFIKATOR)
TOKEN())
TOKEN(EOL)
TOKEN(IDENTIFIKATOR)
TOKEN(()
TOKEN(STRING, a\X)
TOKEN())
TOKEN(EOL)
TOKEN(EOF)
