TOKEN(EOL)
TOKEN(IDENTIFIKATOR)
TOKEN(()
TOKEN(STRING, Zadejte cislo pro vypocet faktorialu: )
TOKEN())
TOKEN(EOL)
TOKEN(IDENTIFIKATOR)
TOKEN(=)
TOKEN(IDENTIFIKATOR)
TOKEN(()
TOKEN())
TOKEN(EOL)
TOKEN(KLICOVE_SLOVO)
TOKEN(IDENTIFIKATOR)
TOKEN(<)
TOKEN(INTEGER, 0)
TOKEN(:)
TOKEN(EOL)
TOKEN(INDENT)
TOKEN(IDENTIFIKATOR)
TOKEN(()
TOKEN(STRING, 
Faktorial nelze spocitat
)
TOKEN())
TOKEN(EOL)
TOKEN(DEDENT)
TOKEN(KLICOVE_SLOVO)
TOKEN(:)
TOKEN(EOL)
TOKEN(INDENT)
TOKEN(IDENTIFIKATOR)
TOKEN(=)
TOKEN(INTEGER, 1)
TOKEN(EOL)
TOKEN(KLICOVE_SLOVO)
TOKEN(IDENTIFIKATOR)
TOKEN(>)
TOKEN(INTEGER, 0)
TOKEN(:)
TOKEN(EOL)
TOKEN(INDENT)
TOKEN(IDENTIFIKATOR)
TOKEN(=)
TOKEN(IDENTIFIKATOR)
TOKEN(*)
TOKEN(IDENTIFIKATOR)
TOKEN(EOL)
TOKEN(IDENTIFIKATOR)
TOKEN(=)
TOKEN(IDENTIFIKATOR)
TOKEN(-)
TOKEN(INTEGER, 1)
TOKEN(EOL)
TOKEN(DEDENT)
TOKEN(IDENTIFIKATOR)
TOKEN(()
TOKEN(STRING, Vysledek je:)
TOKEN(,)
TOKEN(IDENTIFIKATOR)
TOKEN(,)
TOKEN(STRING, 
)
TOKEN())
TOKEN(DEDENT)
TOKEN(EOF)
