TOKEN(EOL)
TOKEN(IDENTIFIKATOR)
TOKEN(=)
TOKEN(STRING, Toto je nejaky text)
TOKEN(EOL)
TOKEN(IDENTIFIKATOR)
TOKEN(=)
TOKEN(IDENTIFIKATOR)
TOKEN(+)
TOKEN(STRING, , ktery jeste trochu obohatime)
TOKEN(EOL)
TOKEN(IDENTIFIKATOR)
TOKEN(()
TOKEN(IDENTIFIKATOR)
TOKEN(,)
TOKEN(STRING, 
)
TOKEN(,)
TOKEN(IDENTIFIKATOR)
TOKEN())
TOKEN(EOL)
TOKEN(IDENTIFIKATOR)
TOKEN(=)
TOKEN(IDENTIFIKATOR)
TOKEN(()
TOKEN(IDENTIFIKATOR)
TOKEN())
TOKEN(EOL)
TOKEN(IDENTIFIKATOR)
TOKEN(=)
TOKEN(IDENTIFIKATOR)
TOKEN(-)
TOKEN(INTEGER, 4)
TOKEN(EOL)
TOKEN(IDENTIFIKATOR)
TOKEN(=)
TOKEN(IDENTIFIKATOR)
TOKEN(()
TOKEN(IDENTIFIKATOR)
TOKEN(,)
TOKEN(IDENTIFIKATOR)
TOKEN(,)
TOKEN(INTEGER, 4)
TOKEN())
TOKEN(EOL)
TOKEN(IDENTIFIKATOR)
TOKEN(=)
TOKEN(IDENTIFIKATOR)
TOKEN(+)
TOKEN(INTEGER, 1)
TOKEN(EOL)
TOKEN(IDENTIFIKATOR)
TOKEN(()
TOKEN(STRING, 4 znaky od )
TOKEN(,)
TOKEN(IDENTIFIKATOR)
TOKEN(,)
TOKEN(STRING, . znaku v ")
TOKEN(,)
TOKEN(IDENTIFIKATOR)
TOKEN(,)
TOKEN(STRING, ":)
TOKEN(,)
TOKEN(IDENTIFIKATOR)
TOKEN())
TOKEN(EOL)
TOKEN(IDENTIFIKATOR)
TOKEN(()
TOKEN(STRING, Zadejte serazenou posloupnost vsech malych pismen a-h, )
TOKEN())
TOKEN(EOL)
TOKEN(IDENTIFIKATOR)
TOKEN(()
TOKEN(STRING, pricemz se pismena nesmeji v posloupnosti opakovat: )
TOKEN())
TOKEN(EOL)
TOKEN(IDENTIFIKATOR)
TOKEN(=)
TOKEN(IDENTIFIKATOR)
TOKEN(()
TOKEN())
TOKEN(EOL)
TOKEN(KLICOVE_SLOVO)
TOKEN(IDENTIFIKATOR)
TOKEN(!=)
TOKEN(KLICOVE_SLOVO)
TOKEN(:)
TOKEN(EOL)
TOKEN(INDENT)
TOKEN(KLICOVE_SLOVO)
TOKEN(IDENTIFIKATOR)
TOKEN(!=)
TOKEN(STRING, abcdefgh)
TOKEN(:)
TOKEN(EOL)
TOKEN(INDENT)
TOKEN(IDENTIFIKATOR)
TOKEN(()
TOKEN(STRING, Spatne zadana posloupnost, zkuste znovu: )
TOKEN())
TOKEN(EOL)
TOKEN(IDENTIFIKATOR)
TOKEN(=)
TOKEN(IDENTIFIKATOR)
TOKEN(()
TOKEN())
TOKEN(EOL)
TOKEN(DEDENT)
TOKEN(DEDENT)
TOKEN(KLICOVE_SLOVO)
TOKEN(:)
TOKEN(EOL)
TOKEN(INDENT)
TOKEN(IDENTIFIKATOR)
TOKEN(DEDENT)
TOKEN(EOF)
