TOKEN(IDENTIFIKATOR)
TOKEN(=)
TOKEN(STRING, \A)
TOKEN(EOL)
TOKEN(IDENTIFIKATOR)
TOKEN(()
TOKEN(IDENTIFIKATOR)
TOKEN())
TOKEN(EOL)
TOKEN(IDENTIFIKATOR)
TOKEN(=)
TOKEN(STRING, !)
TOKEN(EOL)
TOKEN(IDENTIFIKATOR)
TOKEN(=)
TOKEN(STRING, *)
TOKEN(EOL)
TOKEN(IDENTIFIKATOR)
TOKEN(=)
TOKEN(STRING, *)
TOKEN(EOL)
TOKEN(IDENTIFIKATOR)
TOKEN(=)
TOKEN(STRING, z)
TOKEN(EOL)
TOKEN(IDENTIFIKATOR)
TOKEN(=)
TOKEN(STRING, ~)
TOKEN(EOL)
TOKEN(IDENTIFIKATOR)
TOKEN(=)
TOKEN(STRING, \X2A)
TOKEN(EOL)
TOKEN(IDENTIFIKATOR)
TOKEN(()
TOKEN(IDENTIFIKATOR)
TOKEN())
TOKEN(EOL)
TOKEN(IDENTIFIKATOR)
TOKEN(=)
TOKEN(STRING, \Aaa)
TOKEN(EOL)
TOKEN(IDENTIFIKATOR)
TOKEN(=)
TOKEN(STRING, \AAA)
TOKEN(EOL)
TOKEN(IDENTIFIKATOR)
TOKEN(=)
TOKEN(STRING, \ZFF)
TOKEN(EOL)
TOKEN(IDENTIFIKATOR)
TOKEN(=)
TOKEN(STRING, \zFF)
TOKEN(EOL)
TOKEN(IDENTIFIKATOR)
TOKEN(()
TOKEN(IDENTIFIKATOR)
TOKEN())
TOKEN(EOL)
TOKEN(EOF)
