TOKEN(IDENTIFIKATOR)
TOKEN(=)
TOKEN(INTEGER, 1)
TOKEN(EOL)
TOKEN(EOL)
TOKEN(EOL)
TOKEN(KLICOVE_SLOVO)
TOKEN(IDENTIFIKATOR)
TOKEN(==)
TOKEN(INTEGER, 1)
TOKEN(:)
TOKEN(EOL)
TOKEN(INDENT)
TOKEN(IDENTIFIKATOR)
TOKEN(()
TOKEN(STRING, eq)
TOKEN())
TOKEN(EOL)
TOKEN(DEDENT)
TOKEN(KLICOVE_SLOVO)
TOKEN(IDENTIFIKATOR)
TOKEN(<=)
TOKEN(INTEGER, 1)
TOKEN(:)
TOKEN(EOL)
TOKEN(INDENT)
TOKEN(IDENTIFIKATOR)
TOKEN(()
TOKEN(STRING, less_eq)
TOKEN())
TOKEN(EOL)
TOKEN(DEDENT)
TOKEN(KLICOVE_SLOVO)
TOKEN(IDENTIFIKATOR)
TOKEN(>=)
TOKEN(INTEGER, 1)
TOKEN(:)
TOKEN(EOL)
TOKEN(INDENT)
TOKEN(IDENTIFIKATOR)
TOKEN(()
TOKEN(STRING, greater_eq)
TOKEN())
TOKEN(EOL)
TOKEN(DEDENT)
TOKEN(KLICOVE_SLOVO)
TOKEN(IDENTIFIKATOR)
TOKEN(!=)
TOKEN(INTEGER, 1)
TOKEN(:)
TOKEN(EOL)
TOKEN(INDENT)
TOKEN(IDENTIFIKATOR)
TOKEN(()
TOKEN(STRING, not_eq)
TOKEN())
TOKEN(EOL)
TOKEN(EOL)
TOKEN(EOL)
TOKEN(DEDENT)
TOKEN(KLICOVE_SLOVO)
TOKEN(IDENTIFIKATOR)
TOKEN(==)
TOKEN(INTEGER, 1)
TOKEN(:)
TOKEN(EOL)
TOKEN(INDENT)
TOKEN(IDENTIFIKATOR)
TOKEN(()
TOKEN(STRING, eq)
TOKEN())
TOKEN(EOL)
TOKEN(DEDENT)
TOKEN(KLICOVE_SLOVO)
TOKEN(:)
TOKEN(EOL)
TOKEN(INDENT)
TOKEN(IDENTIFIKATOR)
TOKEN(()
TOKEN(STRING, else_eq)
TOKEN())
TOKEN(EOL)
TOKEN(DEDENT)
TOKEN(KLICOVE_SLOVO)
TOKEN(IDENTIFIKATOR)
TOKEN(<=)
TOKEN(INTEGER, 1)
TOKEN(:)
TOKEN(EOL)
TOKEN(INDENT)
TOKEN(IDENTIFIKATOR)
TOKEN(()
TOKEN(STRING, less_eq)
TOKEN())
TOKEN(EOL)
TOKEN(DEDENT)
TOKEN(KLICOVE_SLOVO)
TOKEN(:)
TOKEN(EOL)
TOKEN(INDENT)
TOKEN(IDENTIFIKATOR)
TOKEN(()
TOKEN(STRING, else_less_eq)
TOKEN())
TOKEN(EOL)
TOKEN(DEDENT)
TOKEN(KLICOVE_SLOVO)
TOKEN(IDENTIFIKATOR)
TOKEN(>=)
TOKEN(INTEGER, 1)
TOKEN(:)
TOKEN(EOL)
TOKEN(INDENT)
TOKEN(IDENTIFIKATOR)
TOKEN(()
TOKEN(STRING, greater_eq)
TOKEN())
TOKEN(EOL)
TOKEN(DEDENT)
TOKEN(KLICOVE_SLOVO)
TOKEN(:)
TOKEN(EOL)
TOKEN(INDENT)
TOKEN(IDENTIFIKATOR)
TOKEN(()
TOKEN(STRING, else_greater_eq)
TOKEN())
TOKEN(EOL)
TOKEN(DEDENT)
TOKEN(KLICOVE_SLOVO)
TOKEN(IDENTIFIKATOR)
TOKEN(!=)
TOKEN(INTEGER, 1)
TOKEN(:)
TOKEN(EOL)
TOKEN(INDENT)
TOKEN(IDENTIFIKATOR)
TOKEN(()
TOKEN(STRING, not_eq)
TOKEN())
TOKEN(EOL)
TOKEN(DEDENT)
TOKEN(KLICOVE_SLOVO)
TOKEN(:)
TOKEN(EOL)
TOKEN(INDENT)
TOKEN(IDENTIFIKATOR)
TOKEN(()
TOKEN(STRING, else_not_eq)
TOKEN())
TOKEN(EOL)
TOKEN(DEDENT)
TOKEN(EOF)
