TOKEN(KLICOVE_SLOVO)
TOKEN(IDENTIFIKATOR)
TOKEN(()
TOKEN())
TOKEN(:)
TOKEN(EOL)
TOKEN(INDENT)
TOKEN(KLICOVE_SLOVO)
TOKEN(IDENTIFIKATOR)
TOKEN(()
TOKEN())
TOKEN(:)
TOKEN(EOL)
TOKEN(INDENT)
TOKEN(KLICOVE_SLOVO)
TOKEN(IDENTIFIKATOR)
TOKEN(()
TOKEN())
TOKEN(:)
TOKEN(EOL)
TOKEN(INDENT)
TOKEN(KLICOVE_SLOVO)
TOKEN(IDENTIFIKATOR)
TOKEN(()
TOKEN())
TOKEN(:)
TOKEN(EOL)
TOKEN(INDENT)
TOKEN(KLICOVE_SLOVO)
TOKEN(IDENTIFIKATOR)
TOKEN(()
TOKEN())
TOKEN(:)
TOKEN(EOL)
TOKEN(INDENT)
TOKEN(KLICOVE_SLOVO)
TOKEN(IDENTIFIKATOR)
TOKEN(()
TOKEN())
TOKEN(:)
TOKEN(EOL)
TOKEN(INDENT)
TOKEN(KLICOVE_SLOVO)
TOKEN(EOL)
TOKEN(EOL)
TOKEN(EOL)
TOKEN(DEDENT)
TOKEN(DEDENT)
TOKEN(DEDENT)
TOKEN(DEDENT)
TOKEN(DEDENT)
TOKEN(DEDENT)
TOKEN(KLICOVE_SLOVO)
TOKEN(INTEGER, 1)
TOKEN(<)
TOKEN(INTEGER, 2)
TOKEN(:)
TOKEN(EOL)
TOKEN(INDENT)
TOKEN(KLICOVE_SLOVO)
TOKEN(INTEGER, 1)
TOKEN(<)
TOKEN(INTEGER, 2)
TOKEN(:)
TOKEN(EOL)
TOKEN(INDENT)
TOKEN(KLICOVE_SLOVO)
TOKEN(INTEGER, 1)
TOKEN(<)
TOKEN(INTEGER, 2)
TOKEN(:)
TOKEN(EOL)
TOKEN(INDENT)
TOKEN(KLICOVE_SLOVO)
TOKEN(INTEGER, 1)
TOKEN(<)
TOKEN(INTEGER, 2)
TOKEN(:)
TOKEN(EOL)
TOKEN(INDENT)
TOKEN(KLICOVE_SLOVO)
TOKEN(INTEGER, 1)
TOKEN(<)
TOKEN(INTEGER, 2)
TOKEN(:)
TOKEN(EOL)
TOKEN(INDENT)
TOKEN(KLICOVE_SLOVO)
TOKEN(INTEGER, 1)
TOKEN(<)
TOKEN(INTEGER, 2)
TOKEN(:)
TOKEN(EOL)
TOKEN(INDENT)
TOKEN(KLICOVE_SLOVO)
TOKEN(EOL)
TOKEN(DEDENT)
TOKEN(DEDENT)
TOKEN(DEDENT)
TOKEN(DEDENT)
TOKEN(DEDENT)
TOKEN(DEDENT)
TOKEN(EOF)
