TOKEN(IDENTIFIKATOR)
TOKEN(()
TOKEN(STRING, EC085AE936CE45BCD476)
TOKEN(,)
TOKEN(EOL)
TOKEN(STRING, 420D80X0561D69625XXX)
TOKEN(,)
TOKEN(EOL)
TOKEN(STRING, DD2D88AD0CX\466X3297)
TOKEN(EOL)
TOKEN(STRING, DDD\3�4X7C61A56BEX)
TOKEN(EOL)
TOKEN(STRING, 3X28C9106AB993AD96X8)
TOKEN(EOL)
TOKEN(STRING, D14A41\8CXB4370C\E7X)
TOKEN(EOL)
TOKEN(STRING, X0E65E4p5X166X\0\C)
TOKEN(EOL)
TOKEN(STRING, X63ED5X82A24CAE5B07E)
TOKEN(EOL)
TOKEN(STRING, 41745By302\9X9\17X)
TOKEN(,)
TOKEN(EOL)
TOKEN(STRING, \C78775C100A5X\95X35)
TOKEN(,)
TOKEN(EOL)
TOKEN(STRING, E404B88\B20X65F2X6)
TOKEN(,)
TOKEN(EOL)
TOKEN(STRING, 6296E0XA8632B8EE\8C9)
TOKEN(,)
TOKEN(EOL)
TOKEN(STRING, 6XCDA535�823X513B2)
TOKEN(EOL)
TOKEN(STRING, \z\X7Ah\Z\zz)
TOKEN())
TOKEN(EOL)
TOKEN(EOF)
