TOKEN(EOL)
TOKEN(EOL)
TOKEN(EOL)
TOKEN(KLICOVE_SLOVO)
TOKEN(INTEGER, 4)
TOKEN(==)
TOKEN(KLICOVE_SLOVO)
TOKEN(:)
TOKEN(EOL)
TOKEN(INDENT)
TOKEN(KLICOVE_SLOVO)
TOKEN(EOL)
TOKEN(DEDENT)
TOKEN(KLICOVE_SLOVO)
TOKEN(:)
TOKEN(EOL)
TOKEN(INDENT)
TOKEN(IDENTIFIKATOR)
TOKEN(()
TOKEN(STRING, None se nerovna zadnemu cislu.)
TOKEN())
TOKEN(EOL)
TOKEN(EOL)
TOKEN(DEDENT)
TOKEN(KLICOVE_SLOVO)
TOKEN(KLICOVE_SLOVO)
TOKEN(==)
TOKEN(DOUBLE, 2.500000)
TOKEN(:)
TOKEN(EOL)
TOKEN(INDENT)
TOKEN(KLICOVE_SLOVO)
TOKEN(EOL)
TOKEN(DEDENT)
TOKEN(KLICOVE_SLOVO)
TOKEN(:)
TOKEN(EOL)
TOKEN(INDENT)
TOKEN(IDENTIFIKATOR)
TOKEN(()
TOKEN(STRING, Ani desetinnemu, ale je kompatibilni se vsemi typy na porovnani.)
TOKEN())
TOKEN(EOL)
TOKEN(EOL)
TOKEN(DEDENT)
TOKEN(KLICOVE_SLOVO)
TOKEN(STRING, )
TOKEN(!=)
TOKEN(KLICOVE_SLOVO)
TOKEN(:)
TOKEN(EOL)
TOKEN(INDENT)
TOKEN(IDENTIFIKATOR)
TOKEN(()
TOKEN(STRING, Prazdny retezec neni None.)
TOKEN())
TOKEN(EOL)
TOKEN(DEDENT)
TOKEN(KLICOVE_SLOVO)
TOKEN(:)
TOKEN(EOL)
TOKEN(INDENT)
TOKEN(KLICOVE_SLOVO)
TOKEN(EOL)
TOKEN(EOL)
TOKEN(DEDENT)
TOKEN(KLICOVE_SLOVO)
TOKEN(IDENTIFIKATOR)
TOKEN(!=)
TOKEN(INTEGER, 0)
TOKEN(:)
TOKEN(EOL)
TOKEN(INDENT)
TOKEN(IDENTIFIKATOR)
TOKEN(()
TOKEN(STRING, Bool je pripadne implicitne konvertovan na cislo 1 nebo 1.0.)
TOKEN())
TOKEN(EOL)
TOKEN(DEDENT)
TOKEN(KLICOVE_SLOVO)
TOKEN(:)
TOKEN(EOL)
TOKEN(INDENT)
TOKEN(KLICOVE_SLOVO)
TOKEN(EOL)
TOKEN(DEDENT)
TOKEN(EOF)
