TOKEN(KLICOVE_SLOVO)
TOKEN(IDENTIFIKATOR)
TOKEN(()
TOKEN())
TOKEN(:)
TOKEN(EOL)
TOKEN(INDENT)
TOKEN(IDENTIFIKATOR)
TOKEN(=)
TOKEN(DOUBLE, 1.900000)
TOKEN(EOL)
TOKEN(IDENTIFIKATOR)
TOKEN(=)
TOKEN(IDENTIFIKATOR)
TOKEN(*)
TOKEN(IDENTIFIKATOR)
TOKEN(EOL)
TOKEN(KLICOVE_SLOVO)
TOKEN(IDENTIFIKATOR)
TOKEN(EOL)
TOKEN(DEDENT)
TOKEN(EOF)
