TOKEN(IDENTIFIKATOR)
TOKEN(=)
TOKEN(INTEGER, 1)
TOKEN(EOL)
TOKEN(EOL)
TOKEN(KLICOVE_SLOVO)
TOKEN(IDENTIFIKATOR)
TOKEN(()
TOKEN(IDENTIFIKATOR)
TOKEN(,)
TOKEN(IDENTIFIKATOR)
TOKEN(,)
TOKEN(IDENTIFIKATOR)
TOKEN(,)
TOKEN(IDENTIFIKATOR)
TOKEN())
TOKEN(:)
TOKEN(EOL)
TOKEN(EOL)
TOKEN(EOL)
TOKEN(INDENT)
TOKEN(IDENTIFIKATOR)
TOKEN(()
TOKEN(IDENTIFIKATOR)
TOKEN())
TOKEN(EOL)
TOKEN(IDENTIFIKATOR)
TOKEN(=)
TOKEN(IDENTIFIKATOR)
TOKEN(+)
TOKEN(IDENTIFIKATOR)
TOKEN(-)
TOKEN(IDENTIFIKATOR)
TOKEN(*)
TOKEN(IDENTIFIKATOR)
TOKEN(/)
TOKEN(IDENTIFIKATOR)
TOKEN(//)
TOKEN(IDENTIFIKATOR)
TOKEN(EOL)
TOKEN(EOL)
TOKEN(IDENTIFIKATOR)
TOKEN(()
TOKEN(IDENTIFIKATOR)
TOKEN())
TOKEN(EOL)
TOKEN(EOL)
TOKEN(DEDENT)
TOKEN(KLICOVE_SLOVO)
TOKEN(IDENTIFIKATOR)
TOKEN(+)
TOKEN(INTEGER, 1)
TOKEN(>)
TOKEN(()
TOKEN(INTEGER, 1)
TOKEN(+)
TOKEN(INTEGER, 3)
TOKEN(*)
TOKEN(IDENTIFIKATOR)
TOKEN(+)
TOKEN(INTEGER, 4)
TOKEN())
TOKEN(:)
TOKEN(EOL)
TOKEN(INDENT)
TOKEN(IDENTIFIKATOR)
TOKEN(()
TOKEN(IDENTIFIKATOR)
TOKEN())
TOKEN(EOL)
TOKEN(EOL)
TOKEN(DEDENT)
TOKEN(IDENTIFIKATOR)
TOKEN(()
TOKEN(STRING, )
TOKEN(,)
TOKEN(INTEGER, 0)
TOKEN(,)
TOKEN(INTEGER, 1)
TOKEN())
TOKEN(EOL)
TOKEN(EOL)
TOKEN(EOL)
TOKEN(EOL)
TOKEN(EOL)
TOKEN(EOL)
TOKEN(EOL)
TOKEN(IDENTIFIKATOR)
TOKEN(()
TOKEN(STRING, string
pro funkci)
TOKEN(,)
TOKEN(INTEGER, 1)
TOKEN(,)
TOKEN(INTEGER, 2)
TOKEN(,)
TOKEN(INTEGER, 4)
TOKEN())
TOKEN(EOL)
TOKEN(EOF)
